0 verbose cli /usr/local/bin/node /usr/local/lib/node_modules/npm/bin/npm-cli.js
1 info using npm@10.8.2
2 info using node@v20.20.1
3 silly config load:file:/usr/local/lib/node_modules/npm/npmrc
4 silly config load:file:/workspace/.npmrc
5 silly config load:file:/usr/local/etc/npmrc
6 verbose title npm exec prettier --write src/css/tokens.css src/css/custom.css
7 verbose argv "exec" "--" "prettier" "--write" "src/css/tokens.css" "src/css/custom.css"
8 verbose logfile logs-max:10 dir:/workspace/.npm/_logs/2026-03-26T04_01_26_738Z-
9 verbose logfile /workspace/.npm/_logs/2026-03-26T04_01_26_738Z-debug-0.log
10 silly logfile done cleaning log files
11 silly packumentCache heap:1052508160 maxSize:263127040 maxEntrySize:131563520
12 verbose shrinkwrap failed to load node_modules/.package-lock.json out of date, updated: node_modules
13 http fetch GET 200 https://registry.npmjs.org/prettier 91ms (cache miss)
14 silly packumentCache heap:1052508160 maxSize:263127040 maxEntrySize:131563520
15 silly packumentCache heap:1052508160 maxSize:263127040 maxEntrySize:131563520
16 warn exec The following package was not found and will be installed: prettier@3.8.1
17 silly idealTree buildDeps
18 silly fetch manifest prettier@3.8.1
19 silly packumentCache full:https://registry.npmjs.org/prettier cache-miss
20 http fetch GET 200 https://registry.npmjs.org/prettier 45ms (cache miss)
21 silly packumentCache full:https://registry.npmjs.org/prettier set size:undefined disposed:false
22 silly placeDep ROOT prettier@3.8.1 OK for:  want: 3.8.1
23 silly reify moves {}
24 silly audit bulk request { prettier: [ '3.8.1' ] }
25 silly tarball no local data for prettier@https://registry.npmjs.org/prettier/-/prettier-3.8.1.tgz. Extracting by manifest.
26 http fetch GET 200 https://registry.npmjs.org/prettier/-/prettier-3.8.1.tgz 191ms (cache miss)
27 http fetch POST 200 https://registry.npmjs.org/-/npm/v1/security/advisories/bulk 249ms
28 silly audit report {}
29 verbose cwd /workspace
30 verbose os Linux 6.8.0-90-generic
31 verbose node v20.20.1
32 verbose npm  v10.8.2
33 verbose exit 0
34 info ok
